// Vitest Snapshot v1, https://vitest.dev/guide/snapshot.html

exports[`My Reservations Component > MyReservations renders correctly 1`] = `[Function]`;
