// Vitest Snapshot v1, https://vitest.dev/guide/snapshot.html

exports[`NavBar Component > NavBar renders correctly 1`] = `[Function]`;
