// Vitest Snapshot v1, https://vitest.dev/guide/snapshot.html

exports[`place form > should render correctly 1`] = `[Function]`;
