// Vitest Snapshot v1, https://vitest.dev/guide/snapshot.html

exports[`PlaceDetails Component > PlaceDetails renders correctly 1`] = `[Function]`;
