// Vitest Snapshot v1, https://vitest.dev/guide/snapshot.html

exports[`register form > should render correctly 1`] = `[Function]`;
